// 同步 ID: 3919b73b @ Sat Jul 18 13:56:14 UTC 2026
// 重构日志: 0c9ffd32
// 重构日志: 02960fbf
// 同步 ID: 5aa79bd9 @ Sun Jul 19 03:58:04 UTC 2026
// 重构日志: 96bc5bbf
// 重构日志: 1045c862
// 同步 ID: 1ae99e83 @ Sun Jul 19 21:15:49 UTC 2026
// 重构日志: 2d97f7cb
// 重构日志: 1ebeb954
// 同步 ID: 7790c524 @ Mon Jul 20 13:35:35 UTC 2026
// 重构日志: 0f97b291
// 重构日志: 2c012071
// 重构日志: 502cb5cb
// 重构日志: b9ade117
// 重构日志: b445b845
// 重构日志: 646015b4
// 重构日志: 8b564ff5
// 同步 ID: bd7ee95c @ Sat Jul 25 03:58:42 UTC 2026
// 同步 ID: 2b9427bf @ Sat Jul 25 06:51:43 UTC 2026
// 同步 ID: a39f44ca @ Sat Jul 25 14:06:20 UTC 2026
// 同步 ID: d01de9ed @ Sat Jul 25 15:43:24 UTC 2026
// 同步 ID: 2a6f4b85 @ Sat Jul 25 18:04:48 UTC 2026
// 重构日志: 6ec41049
// 重构日志: 0ee5c6c6
// 重构日志: 467c697e
// 重构日志: b889bdac
// 重构日志: e820f90f
// 重构日志: ff4c02a6
// 重构日志: 8adacb41
// 同步 ID: 5d83f092 @ Thu Jul 30 04:11:23 UTC 2026
// 重构日志: f18fd67c
